
> temp-app@0.0.0 build
> vite build

[36mvite v8.0.13 [32mbuilding client environment for production...[36m[39m
[2K
transforming...Ô£ô 1746 modules transformed.
rendering chunks...
node.exe : [31mÔ£ù[39m Build failed in 286ms
No C:\Program Files\nodejs\npm.ps1:29 caractere:3
+   & $NODE_EXE $NPM_CLI_JS $args
+   ~~~~~~~~~~~~~~~~~~~~~~~~~~~~~
    + CategoryInfo          : NotSpecified: ([31mÔ£ù[39m Build failed in 286ms:String) [], RemoteException
    + FullyQualifiedErrorId : NativeCommandError
 
[31merror during build:
[31mBuild failed with 1 error:

[31m[MISSING_EXPORT] [0m"Instagram" is not exported by "node_modules/lucide-react/dist/esm/lucide-react.mjs".
   [38;5;246mÔò¡[0m[38;5;246mÔöÇ[0m[38;5;246m[[0m src/components/FooterCTA.jsx:2:22 [38;5;246m][0m
   [38;5;246mÔöé[0m
 [38;5;246m2 Ôöé[0m 
[38;5;249mi[0m[38;5;249mm[0m[38;5;249mp[0m[38;5;249mo[0m[38;5;249mr[0m[38;5;249mt[0m[38;5;249m 
[0m[38;5;249m{[0m[38;5;249m [0m[38;5;249mA[0m[38;5;249mr[0m[38;5;249mr[0m[38;5;249mo[0m[38;5;249mw[0m[3
8;5;249mR[0m[38;5;249mi[0m[38;5;249mg[0m[38;5;249mh[0m[38;5;249mt[0m[38;5;249m,[0m[38;5;249m 
[0mInstagram[38;5;249m,[0m[38;5;249m 
[0m[38;5;249mM[0m[38;5;249ma[0m[38;5;249mi[0m[38;5;249ml[0m[38;5;249m [0m[38;5;249m}[0m[38;5;249m 
[0m[38;5;249mf[0m[38;5;249mr[0m[38;5;249mo[0m[38;5;249mm[0m[38;5;249m [0m[38;5;249m"[0m[38;5;249ml[0m[3
8;5;249mu[0m[38;5;249mc[0m[38;5;249mi[0m[38;5;249md[0m[38;5;249me[0m[38;5;249m-[0m[38;5;249mr[0m[38;5;249
me[0m[38;5;249ma[0m[38;5;249mc[0m[38;5;249mt[0m[38;5;249m"[0m[38;5;249m;[0m
 [38;5;240m  Ôöé[0m                      ÔöÇÔöÇÔöÇÔöÇÔö¼ÔöÇÔöÇÔöÇÔöÇ  
 [38;5;240m  Ôöé[0m                          Ôò░ÔöÇÔöÇÔöÇÔöÇÔöÇÔöÇ Missing export
[38;5;246mÔöÇÔöÇÔöÇÔò»[0m
[31m
    at aggregateBindingErrorsIntoJsError 
(file:///C:/Users/thali/Documents/Nimbow/NimbowUltraconnect/node_modules/rolldown/dist/shared/error-CkdMJ9ps.mjs:48:18)
    at unwrapBindingResult (file:///C:/Users/thali/Documents/Nimbow/NimbowUltraconnect/node_modules/rolldown/dist/share
d/error-CkdMJ9ps.mjs:18:128)
    at #build (file:///C:/Users/thali/Documents/Nimbow/NimbowUltraconnect/node_modules/rolldown/dist/shared/rolldown-bu
ild-BVD3dIdE.mjs:3275:34)
    at async buildEnvironment 
(file:///C:/Users/thali/Documents/Nimbow/NimbowUltraconnect/node_modules/vite/dist/node/chunks/node.js:33133:64)
    at async Object.build 
(file:///C:/Users/thali/Documents/Nimbow/NimbowUltraconnect/node_modules/vite/dist/node/chunks/node.js:33555:19)
    at async Object.buildApp 
(file:///C:/Users/thali/Documents/Nimbow/NimbowUltraconnect/node_modules/vite/dist/node/chunks/node.js:33552:153)
    at async CAC.<anonymous> 
(file:///C:/Users/thali/Documents/Nimbow/NimbowUltraconnect/node_modules/vite/dist/node/cli.js:777:3) {
  errors: [Getter/Setter]
}[39m
